// Jest Snapshot v1, https://goo.gl/fbAQLP

exports[`Test exports of assets 1`] = `
Object {
  "logo": "logo.svg",
}
`;
